V3 22
FL /home/satyarth/Documents/VHDL/FP-V-GA-Text-master/vgaText/basicBlockRAM.vhd 2013/12/16.08:18:33 P.20131013
EN work/basicBlockRAM 1502432894 \
      FL /home/satyarth/Documents/VHDL/FP-V-GA-Text-master/vgaText/basicBlockRAM.vhd \
      PB ieee/std_logic_1164 1381692176 PB ieee/NUMERIC_STD 1381692181 \
      PB work/commonPak 1502432893
AR work/basicBlockRAM/Behavioral 1502432895 \
      FL /home/satyarth/Documents/VHDL/FP-V-GA-Text-master/vgaText/basicBlockRAM.vhd \
      EN work/basicBlockRAM 1502432894
FL /home/satyarth/Documents/VHDL/FP-V-GA-Text-master/vgaText/BlockRamArbiter.vhd 2013/12/16.08:18:33 P.20131013
EN work/blockRamArbiter 1502432898 \
      FL /home/satyarth/Documents/VHDL/FP-V-GA-Text-master/vgaText/BlockRamArbiter.vhd \
      PB ieee/std_logic_1164 1381692176 PB work/commonPak 1502432893
AR work/blockRamArbiter/Behavioral 1502432899 \
      FL /home/satyarth/Documents/VHDL/FP-V-GA-Text-master/vgaText/BlockRamArbiter.vhd \
      EN work/blockRamArbiter 1502432898 CP work/fontROM
FL /home/satyarth/Documents/VHDL/FP-V-GA-Text-master/vgaText/commonPak.vhd 2013/12/16.08:18:33 P.20131013
PH work/commonPak 1502432892 \
      FL /home/satyarth/Documents/VHDL/FP-V-GA-Text-master/vgaText/commonPak.vhd \
      PB ieee/std_logic_1164 1381692176 PB ieee/MATH_REAL 1381692182
PB work/commonPak 1502432893 \
      FL /home/satyarth/Documents/VHDL/FP-V-GA-Text-master/vgaText/commonPak.vhd \
      PH work/commonPak 1502432892
FL /home/satyarth/Documents/VHDL/FP-V-GA-Text-master/vgaText/fontROM.vhd 2013/12/16.08:18:33 P.20131013
EN work/fontROM 1502432896 \
      FL /home/satyarth/Documents/VHDL/FP-V-GA-Text-master/vgaText/fontROM.vhd \
      PB ieee/std_logic_1164 1381692176 PB ieee/NUMERIC_STD 1381692181 \
      PB work/commonPak 1502432893
AR work/fontROM/Behavioral 1502432897 \
      FL /home/satyarth/Documents/VHDL/FP-V-GA-Text-master/vgaText/fontROM.vhd \
      EN work/fontROM 1502432896
FL /home/satyarth/Documents/VHDL/FP-V-GA-Text-master/vgaText/text_line.vhd 2013/12/16.08:18:33 P.20131013
EN work/text_line 1502432900 \
      FL /home/satyarth/Documents/VHDL/FP-V-GA-Text-master/vgaText/text_line.vhd \
      PB ieee/std_logic_1164 1381692176 PB ieee/NUMERIC_STD 1381692181 \
      PB work/commonPak 1502432893
AR work/text_line/Behavioral 1502432901 \
      FL /home/satyarth/Documents/VHDL/FP-V-GA-Text-master/vgaText/text_line.vhd \
      EN work/text_line 1502432900 CP work/basicBlockRAM
FL /home/satyarth/Documents/VHDL/FP-V-GA-Text-master/vgaText/vgaText_top.vhd 2017/08/11.12:11:14 P.20131013
EN work/vgaText_top 1502432902 \
      FL /home/satyarth/Documents/VHDL/FP-V-GA-Text-master/vgaText/vgaText_top.vhd \
      PB ieee/std_logic_1164 1381692176 PB ieee/NUMERIC_STD 1381692181 \
      PB work/commonPak 1502432893
AR work/vgaText_top/Behavioral 1502432903 \
      FL /home/satyarth/Documents/VHDL/FP-V-GA-Text-master/vgaText/vgaText_top.vhd \
      EN work/vgaText_top 1502432902 CP work/blockRamArbiter CP work/text_line
